Archive member included because of file (symbol)

/usr/local/CrossPack-AVR-20130212/lib/gcc/avr/4.6.2/avr5/libgcc.a(_mulsi3.o)
                              freq_counter.o (__mulsi3)
/usr/local/CrossPack-AVR-20130212/lib/gcc/avr/4.6.2/avr5/libgcc.a(_udivmodhi4.o)
                              freq_counter.o (__udivmodhi4)
/usr/local/CrossPack-AVR-20130212/lib/gcc/avr/4.6.2/avr5/libgcc.a(_udivmodsi4.o)
                              freq_counter.o (__udivmodsi4)
/usr/local/CrossPack-AVR-20130212/lib/gcc/avr/4.6.2/avr5/libgcc.a(_exit.o)
                              /usr/local/CrossPack-AVR-20130212/lib/gcc/avr/4.6.2/../../../../avr/lib/avr5/crtm328p.o (exit)
/usr/local/CrossPack-AVR-20130212/lib/gcc/avr/4.6.2/avr5/libgcc.a(_copy_data.o)
                              freq_counter.o (__do_copy_data)
/usr/local/CrossPack-AVR-20130212/lib/gcc/avr/4.6.2/avr5/libgcc.a(_clear_bss.o)
                              freq_counter.o (__do_clear_bss)
/usr/local/CrossPack-AVR-20130212/lib/gcc/avr/4.6.2/../../../../avr/lib/avr5/libc.a(sprintf.o)
                              freq_counter.o (sprintf)
/usr/local/CrossPack-AVR-20130212/lib/gcc/avr/4.6.2/../../../../avr/lib/avr5/libc.a(vfprintf_std.o)
                              /usr/local/CrossPack-AVR-20130212/lib/gcc/avr/4.6.2/../../../../avr/lib/avr5/libc.a(sprintf.o) (vfprintf)
/usr/local/CrossPack-AVR-20130212/lib/gcc/avr/4.6.2/../../../../avr/lib/avr5/libc.a(strnlen_P.o)
                              /usr/local/CrossPack-AVR-20130212/lib/gcc/avr/4.6.2/../../../../avr/lib/avr5/libc.a(vfprintf_std.o) (strnlen_P)
/usr/local/CrossPack-AVR-20130212/lib/gcc/avr/4.6.2/../../../../avr/lib/avr5/libc.a(strnlen.o)
                              /usr/local/CrossPack-AVR-20130212/lib/gcc/avr/4.6.2/../../../../avr/lib/avr5/libc.a(vfprintf_std.o) (strnlen)
/usr/local/CrossPack-AVR-20130212/lib/gcc/avr/4.6.2/../../../../avr/lib/avr5/libc.a(fputc.o)
                              /usr/local/CrossPack-AVR-20130212/lib/gcc/avr/4.6.2/../../../../avr/lib/avr5/libc.a(vfprintf_std.o) (fputc)
/usr/local/CrossPack-AVR-20130212/lib/gcc/avr/4.6.2/../../../../avr/lib/avr5/libc.a(ultoa_invert.o)
                              /usr/local/CrossPack-AVR-20130212/lib/gcc/avr/4.6.2/../../../../avr/lib/avr5/libc.a(vfprintf_std.o) (__ultoa_invert)
/usr/local/CrossPack-AVR-20130212/lib/gcc/avr/4.6.2/avr5/libgcc.a(_prologue.o)
                              /usr/local/CrossPack-AVR-20130212/lib/gcc/avr/4.6.2/../../../../avr/lib/avr5/libc.a(sprintf.o) (__prologue_saves__)
/usr/local/CrossPack-AVR-20130212/lib/gcc/avr/4.6.2/avr5/libgcc.a(_epilogue.o)
                              /usr/local/CrossPack-AVR-20130212/lib/gcc/avr/4.6.2/../../../../avr/lib/avr5/libc.a(sprintf.o) (__epilogue_restores__)

Memory Configuration

Name             Origin             Length             Attributes
text             0x00000000         0x00020000         xr
data             0x00800060         0x0000ffa0         rw !x
eeprom           0x00810000         0x00010000         rw !x
fuse             0x00820000         0x00000400         rw !x
lock             0x00830000         0x00000400         rw !x
signature        0x00840000         0x00000400         rw !x
*default*        0x00000000         0xffffffff

Linker script and memory map

Address of section .data set to 0x800100
LOAD /usr/local/CrossPack-AVR-20130212/lib/gcc/avr/4.6.2/../../../../avr/lib/avr5/crtm328p.o
LOAD /usr/local/CrossPack-AVR-20130212/lib/gcc/avr/4.6.2/../../../../avr/lib/avr5/libm.a
LOAD freq_counter.o
LOAD lcd.o
LOAD /usr/local/CrossPack-AVR-20130212/lib/gcc/avr/4.6.2/avr5/libgcc.a
LOAD /usr/local/CrossPack-AVR-20130212/lib/gcc/avr/4.6.2/../../../../avr/lib/avr5/libc.a
LOAD /usr/local/CrossPack-AVR-20130212/lib/gcc/avr/4.6.2/avr5/libgcc.a

.hash
 *(.hash)

.dynsym
 *(.dynsym)

.dynstr
 *(.dynstr)

.gnu.version
 *(.gnu.version)

.gnu.version_d
 *(.gnu.version_d)

.gnu.version_r
 *(.gnu.version_r)

.rel.init
 *(.rel.init)

.rela.init
 *(.rela.init)

.rel.text
 *(.rel.text)
 *(.rel.text.*)
 *(.rel.gnu.linkonce.t*)

.rela.text
 *(.rela.text)
 *(.rela.text.*)
 *(.rela.gnu.linkonce.t*)

.rel.fini
 *(.rel.fini)

.rela.fini
 *(.rela.fini)

.rel.rodata
 *(.rel.rodata)
 *(.rel.rodata.*)
 *(.rel.gnu.linkonce.r*)

.rela.rodata
 *(.rela.rodata)
 *(.rela.rodata.*)
 *(.rela.gnu.linkonce.r*)

.rel.data
 *(.rel.data)
 *(.rel.data.*)
 *(.rel.gnu.linkonce.d*)

.rela.data
 *(.rela.data)
 *(.rela.data.*)
 *(.rela.gnu.linkonce.d*)

.rel.ctors
 *(.rel.ctors)

.rela.ctors
 *(.rela.ctors)

.rel.dtors
 *(.rel.dtors)

.rela.dtors
 *(.rela.dtors)

.rel.got
 *(.rel.got)

.rela.got
 *(.rela.got)

.rel.bss
 *(.rel.bss)

.rela.bss
 *(.rela.bss)

.rel.plt
 *(.rel.plt)

.rela.plt
 *(.rela.plt)

.text           0x00000000      0xbac
 *(.vectors)
 .vectors       0x00000000       0x68 /usr/local/CrossPack-AVR-20130212/lib/gcc/avr/4.6.2/../../../../avr/lib/avr5/crtm328p.o
                0x00000000                __vectors
                0x00000000                __vector_default
 *(.vectors)
 *(.progmem.gcc*)
 *(.progmem*)
                0x00000068                . = ALIGN (0x2)
                0x00000068                __trampolines_start = .
 *(.trampolines)
 .trampolines   0x00000068        0x0 linker stubs
 *(.trampolines*)
                0x00000068                __trampolines_end = .
 *(.jumptables)
 *(.jumptables*)
 *(.lowtext)
 *(.lowtext*)
                0x00000068                __ctors_start = .
 *(.ctors)
                0x00000068                __ctors_end = .
                0x00000068                __dtors_start = .
 *(.dtors)
                0x00000068                __dtors_end = .
 SORT(*)(.ctors)
 SORT(*)(.dtors)
 *(.init0)
 .init0         0x00000068        0x0 /usr/local/CrossPack-AVR-20130212/lib/gcc/avr/4.6.2/../../../../avr/lib/avr5/crtm328p.o
                0x00000068                __init
 *(.init0)
 *(.init1)
 *(.init1)
 *(.init2)
 .init2         0x00000068        0xc /usr/local/CrossPack-AVR-20130212/lib/gcc/avr/4.6.2/../../../../avr/lib/avr5/crtm328p.o
 *(.init2)
 *(.init3)
 *(.init3)
 *(.init4)
 .init4         0x00000074       0x16 /usr/local/CrossPack-AVR-20130212/lib/gcc/avr/4.6.2/avr5/libgcc.a(_copy_data.o)
                0x00000074                __do_copy_data
 .init4         0x0000008a       0x10 /usr/local/CrossPack-AVR-20130212/lib/gcc/avr/4.6.2/avr5/libgcc.a(_clear_bss.o)
                0x0000008a                __do_clear_bss
 *(.init4)
 *(.init5)
 *(.init5)
 *(.init6)
 *(.init6)
 *(.init7)
 *(.init7)
 *(.init8)
 *(.init8)
 *(.init9)
 .init9         0x0000009a        0x8 /usr/local/CrossPack-AVR-20130212/lib/gcc/avr/4.6.2/../../../../avr/lib/avr5/crtm328p.o
 *(.init9)
 *(.text)
 .text          0x000000a2        0x4 /usr/local/CrossPack-AVR-20130212/lib/gcc/avr/4.6.2/../../../../avr/lib/avr5/crtm328p.o
                0x000000a2                __vector_20
                0x000000a2                __vector_1
                0x000000a2                __vector_24
                0x000000a2                __vector_12
                0x000000a2                __bad_interrupt
                0x000000a2                __vector_6
                0x000000a2                __vector_3
                0x000000a2                __vector_23
                0x000000a2                __vector_25
                0x000000a2                __vector_11
                0x000000a2                __vector_13
                0x000000a2                __vector_17
                0x000000a2                __vector_19
                0x000000a2                __vector_7
                0x000000a2                __vector_5
                0x000000a2                __vector_4
                0x000000a2                __vector_9
                0x000000a2                __vector_2
                0x000000a2                __vector_21
                0x000000a2                __vector_15
                0x000000a2                __vector_8
                0x000000a2                __vector_14
                0x000000a2                __vector_10
                0x000000a2                __vector_16
                0x000000a2                __vector_18
                0x000000a2                __vector_22
 .text          0x000000a6        0x0 freq_counter.o
 .text          0x000000a6      0x22c lcd.o
                0x0000017a                lcd_command
                0x0000018e                lcd_data
                0x000001a2                lcd_gotoxy
                0x000001c2                lcd_getxy
                0x000001ca                lcd_clrscr
                0x000001d2                lcd_home
                0x000001da                lcd_putc
                0x0000021a                lcd_puts
                0x00000232                lcd_puts_p
                0x0000024e                lcd_init
 .text          0x000002d2        0x0 /usr/local/CrossPack-AVR-20130212/lib/gcc/avr/4.6.2/avr5/libgcc.a(_mulsi3.o)
 .text          0x000002d2        0x0 /usr/local/CrossPack-AVR-20130212/lib/gcc/avr/4.6.2/avr5/libgcc.a(_udivmodhi4.o)
 .text          0x000002d2        0x0 /usr/local/CrossPack-AVR-20130212/lib/gcc/avr/4.6.2/avr5/libgcc.a(_udivmodsi4.o)
 .text          0x000002d2        0x0 /usr/local/CrossPack-AVR-20130212/lib/gcc/avr/4.6.2/avr5/libgcc.a(_exit.o)
 .text          0x000002d2        0x0 /usr/local/CrossPack-AVR-20130212/lib/gcc/avr/4.6.2/avr5/libgcc.a(_copy_data.o)
 .text          0x000002d2        0x0 /usr/local/CrossPack-AVR-20130212/lib/gcc/avr/4.6.2/avr5/libgcc.a(_clear_bss.o)
 .text          0x000002d2        0x0 /usr/local/CrossPack-AVR-20130212/lib/gcc/avr/4.6.2/../../../../avr/lib/avr5/libc.a(sprintf.o)
 .text          0x000002d2        0x0 /usr/local/CrossPack-AVR-20130212/lib/gcc/avr/4.6.2/../../../../avr/lib/avr5/libc.a(vfprintf_std.o)
 .text          0x000002d2        0x0 /usr/local/CrossPack-AVR-20130212/lib/gcc/avr/4.6.2/../../../../avr/lib/avr5/libc.a(strnlen_P.o)
 .text          0x000002d2        0x0 /usr/local/CrossPack-AVR-20130212/lib/gcc/avr/4.6.2/../../../../avr/lib/avr5/libc.a(strnlen.o)
 .text          0x000002d2        0x0 /usr/local/CrossPack-AVR-20130212/lib/gcc/avr/4.6.2/../../../../avr/lib/avr5/libc.a(fputc.o)
 .text          0x000002d2        0x0 /usr/local/CrossPack-AVR-20130212/lib/gcc/avr/4.6.2/../../../../avr/lib/avr5/libc.a(ultoa_invert.o)
 .text          0x000002d2        0x0 /usr/local/CrossPack-AVR-20130212/lib/gcc/avr/4.6.2/avr5/libgcc.a(_prologue.o)
 .text          0x000002d2        0x0 /usr/local/CrossPack-AVR-20130212/lib/gcc/avr/4.6.2/avr5/libgcc.a(_epilogue.o)
                0x000002d2                . = ALIGN (0x2)
 *(.text.*)
 .text.startup  0x000002d2      0x27e freq_counter.o
                0x000002d2                main
 .text.libgcc   0x00000550       0x3e /usr/local/CrossPack-AVR-20130212/lib/gcc/avr/4.6.2/avr5/libgcc.a(_mulsi3.o)
                0x00000550                __mulsi3
 .text.libgcc   0x0000058e       0x28 /usr/local/CrossPack-AVR-20130212/lib/gcc/avr/4.6.2/avr5/libgcc.a(_udivmodhi4.o)
                0x0000058e                __udivmodhi4
 .text.libgcc   0x000005b6       0x44 /usr/local/CrossPack-AVR-20130212/lib/gcc/avr/4.6.2/avr5/libgcc.a(_udivmodsi4.o)
                0x000005b6                __udivmodsi4
 .text.libgcc   0x000005fa        0x0 /usr/local/CrossPack-AVR-20130212/lib/gcc/avr/4.6.2/avr5/libgcc.a(_exit.o)
 .text.libgcc   0x000005fa        0x0 /usr/local/CrossPack-AVR-20130212/lib/gcc/avr/4.6.2/avr5/libgcc.a(_copy_data.o)
 .text.libgcc   0x000005fa        0x0 /usr/local/CrossPack-AVR-20130212/lib/gcc/avr/4.6.2/avr5/libgcc.a(_clear_bss.o)
 .text.avr-libc
                0x000005fa       0x44 /usr/local/CrossPack-AVR-20130212/lib/gcc/avr/4.6.2/../../../../avr/lib/avr5/libc.a(sprintf.o)
                0x000005fa                sprintf
 .text.avr-libc
                0x0000063e      0x3bc /usr/local/CrossPack-AVR-20130212/lib/gcc/avr/4.6.2/../../../../avr/lib/avr5/libc.a(vfprintf_std.o)
                0x0000063e                vfprintf
 .text.avr-libc
                0x000009fa       0x16 /usr/local/CrossPack-AVR-20130212/lib/gcc/avr/4.6.2/../../../../avr/lib/avr5/libc.a(strnlen_P.o)
                0x000009fa                strnlen_P
 .text.avr-libc
                0x00000a10       0x16 /usr/local/CrossPack-AVR-20130212/lib/gcc/avr/4.6.2/../../../../avr/lib/avr5/libc.a(strnlen.o)
                0x00000a10                strnlen
 .text.avr-libc
                0x00000a26       0x58 /usr/local/CrossPack-AVR-20130212/lib/gcc/avr/4.6.2/../../../../avr/lib/avr5/libc.a(fputc.o)
                0x00000a26                fputc
 .text.avr-libc
                0x00000a7e       0xbc /usr/local/CrossPack-AVR-20130212/lib/gcc/avr/4.6.2/../../../../avr/lib/avr5/libc.a(ultoa_invert.o)
                0x00000a7e                __ultoa_invert
 .text.libgcc   0x00000b3a       0x38 /usr/local/CrossPack-AVR-20130212/lib/gcc/avr/4.6.2/avr5/libgcc.a(_prologue.o)
                0x00000b3a                __prologue_saves__
 .text.libgcc   0x00000b72       0x36 /usr/local/CrossPack-AVR-20130212/lib/gcc/avr/4.6.2/avr5/libgcc.a(_epilogue.o)
                0x00000b72                __epilogue_restores__
                0x00000ba8                . = ALIGN (0x2)
 *(.fini9)
 .fini9         0x00000ba8        0x0 /usr/local/CrossPack-AVR-20130212/lib/gcc/avr/4.6.2/avr5/libgcc.a(_exit.o)
                0x00000ba8                exit
                0x00000ba8                _exit
 *(.fini9)
 *(.fini8)
 *(.fini8)
 *(.fini7)
 *(.fini7)
 *(.fini6)
 *(.fini6)
 *(.fini5)
 *(.fini5)
 *(.fini4)
 *(.fini4)
 *(.fini3)
 *(.fini3)
 *(.fini2)
 *(.fini2)
 *(.fini1)
 *(.fini1)
 *(.fini0)
 .fini0         0x00000ba8        0x4 /usr/local/CrossPack-AVR-20130212/lib/gcc/avr/4.6.2/avr5/libgcc.a(_exit.o)
 *(.fini0)
                0x00000bac                _etext = .

.data           0x00800100       0x14 load address 0x00000bac
                0x00800100                PROVIDE (__data_start, .)
 *(.data)
 .data          0x00800100        0x0 /usr/local/CrossPack-AVR-20130212/lib/gcc/avr/4.6.2/../../../../avr/lib/avr5/crtm328p.o
 .data          0x00800100       0x14 freq_counter.o
 .data          0x00800114        0x0 lcd.o
 .data          0x00800114        0x0 /usr/local/CrossPack-AVR-20130212/lib/gcc/avr/4.6.2/avr5/libgcc.a(_mulsi3.o)
 .data          0x00800114        0x0 /usr/local/CrossPack-AVR-20130212/lib/gcc/avr/4.6.2/avr5/libgcc.a(_udivmodhi4.o)
 .data          0x00800114        0x0 /usr/local/CrossPack-AVR-20130212/lib/gcc/avr/4.6.2/avr5/libgcc.a(_udivmodsi4.o)
 .data          0x00800114        0x0 /usr/local/CrossPack-AVR-20130212/lib/gcc/avr/4.6.2/avr5/libgcc.a(_exit.o)
 .data          0x00800114        0x0 /usr/local/CrossPack-AVR-20130212/lib/gcc/avr/4.6.2/avr5/libgcc.a(_copy_data.o)
 .data          0x00800114        0x0 /usr/local/CrossPack-AVR-20130212/lib/gcc/avr/4.6.2/avr5/libgcc.a(_clear_bss.o)
 .data          0x00800114        0x0 /usr/local/CrossPack-AVR-20130212/lib/gcc/avr/4.6.2/../../../../avr/lib/avr5/libc.a(sprintf.o)
 .data          0x00800114        0x0 /usr/local/CrossPack-AVR-20130212/lib/gcc/avr/4.6.2/../../../../avr/lib/avr5/libc.a(vfprintf_std.o)
 .data          0x00800114        0x0 /usr/local/CrossPack-AVR-20130212/lib/gcc/avr/4.6.2/../../../../avr/lib/avr5/libc.a(strnlen_P.o)
 .data          0x00800114        0x0 /usr/local/CrossPack-AVR-20130212/lib/gcc/avr/4.6.2/../../../../avr/lib/avr5/libc.a(strnlen.o)
 .data          0x00800114        0x0 /usr/local/CrossPack-AVR-20130212/lib/gcc/avr/4.6.2/../../../../avr/lib/avr5/libc.a(fputc.o)
 .data          0x00800114        0x0 /usr/local/CrossPack-AVR-20130212/lib/gcc/avr/4.6.2/../../../../avr/lib/avr5/libc.a(ultoa_invert.o)
 .data          0x00800114        0x0 /usr/local/CrossPack-AVR-20130212/lib/gcc/avr/4.6.2/avr5/libgcc.a(_prologue.o)
 .data          0x00800114        0x0 /usr/local/CrossPack-AVR-20130212/lib/gcc/avr/4.6.2/avr5/libgcc.a(_epilogue.o)
 *(.data*)
 *(.rodata)
 *(.rodata*)
 *(.gnu.linkonce.d*)
                0x00800114                . = ALIGN (0x2)
                0x00800114                _edata = .
                0x00800114                PROVIDE (__data_end, .)

.bss            0x00800114        0x0
                0x00800114                PROVIDE (__bss_start, .)
 *(.bss)
 .bss           0x00800114        0x0 /usr/local/CrossPack-AVR-20130212/lib/gcc/avr/4.6.2/../../../../avr/lib/avr5/crtm328p.o
 .bss           0x00800114        0x0 freq_counter.o
 .bss           0x00800114        0x0 lcd.o
 .bss           0x00800114        0x0 /usr/local/CrossPack-AVR-20130212/lib/gcc/avr/4.6.2/avr5/libgcc.a(_mulsi3.o)
 .bss           0x00800114        0x0 /usr/local/CrossPack-AVR-20130212/lib/gcc/avr/4.6.2/avr5/libgcc.a(_udivmodhi4.o)
 .bss           0x00800114        0x0 /usr/local/CrossPack-AVR-20130212/lib/gcc/avr/4.6.2/avr5/libgcc.a(_udivmodsi4.o)
 .bss           0x00800114        0x0 /usr/local/CrossPack-AVR-20130212/lib/gcc/avr/4.6.2/avr5/libgcc.a(_exit.o)
 .bss           0x00800114        0x0 /usr/local/CrossPack-AVR-20130212/lib/gcc/avr/4.6.2/avr5/libgcc.a(_copy_data.o)
 .bss           0x00800114        0x0 /usr/local/CrossPack-AVR-20130212/lib/gcc/avr/4.6.2/avr5/libgcc.a(_clear_bss.o)
 .bss           0x00800114        0x0 /usr/local/CrossPack-AVR-20130212/lib/gcc/avr/4.6.2/../../../../avr/lib/avr5/libc.a(sprintf.o)
 .bss           0x00800114        0x0 /usr/local/CrossPack-AVR-20130212/lib/gcc/avr/4.6.2/../../../../avr/lib/avr5/libc.a(vfprintf_std.o)
 .bss           0x00800114        0x0 /usr/local/CrossPack-AVR-20130212/lib/gcc/avr/4.6.2/../../../../avr/lib/avr5/libc.a(strnlen_P.o)
 .bss           0x00800114        0x0 /usr/local/CrossPack-AVR-20130212/lib/gcc/avr/4.6.2/../../../../avr/lib/avr5/libc.a(strnlen.o)
 .bss           0x00800114        0x0 /usr/local/CrossPack-AVR-20130212/lib/gcc/avr/4.6.2/../../../../avr/lib/avr5/libc.a(fputc.o)
 .bss           0x00800114        0x0 /usr/local/CrossPack-AVR-20130212/lib/gcc/avr/4.6.2/../../../../avr/lib/avr5/libc.a(ultoa_invert.o)
 .bss           0x00800114        0x0 /usr/local/CrossPack-AVR-20130212/lib/gcc/avr/4.6.2/avr5/libgcc.a(_prologue.o)
 .bss           0x00800114        0x0 /usr/local/CrossPack-AVR-20130212/lib/gcc/avr/4.6.2/avr5/libgcc.a(_epilogue.o)
 *(.bss*)
 *(COMMON)
                0x00800114                PROVIDE (__bss_end, .)
                0x00000bac                __data_load_start = LOADADDR (.data)
                0x00000bc0                __data_load_end = (__data_load_start + SIZEOF (.data))

.noinit         0x00800114        0x0
                0x00800114                PROVIDE (__noinit_start, .)
 *(.noinit*)
                0x00800114                PROVIDE (__noinit_end, .)
                0x00800114                _end = .
                0x00800114                PROVIDE (__heap_start, .)

.eeprom         0x00810000        0x0
 *(.eeprom*)
                0x00810000                __eeprom_end = .

.fuse
 *(.fuse)
 *(.lfuse)
 *(.hfuse)
 *(.efuse)

.lock
 *(.lock*)

.signature
 *(.signature*)

.stab           0x00000000      0xc84
 *(.stab)
 .stab          0x00000000      0x6cc /usr/local/CrossPack-AVR-20130212/lib/gcc/avr/4.6.2/../../../../avr/lib/avr5/crtm328p.o
 .stab          0x000006cc       0x9c /usr/local/CrossPack-AVR-20130212/lib/gcc/avr/4.6.2/../../../../avr/lib/avr5/libc.a(strnlen_P.o)
                                 0xa8 (size before relaxing)
 .stab          0x00000768       0x9c /usr/local/CrossPack-AVR-20130212/lib/gcc/avr/4.6.2/../../../../avr/lib/avr5/libc.a(strnlen.o)
                                 0xa8 (size before relaxing)
 .stab          0x00000804      0x480 /usr/local/CrossPack-AVR-20130212/lib/gcc/avr/4.6.2/../../../../avr/lib/avr5/libc.a(ultoa_invert.o)
                                0x48c (size before relaxing)

.stabstr        0x00000000      0x19d
 *(.stabstr)
 .stabstr       0x00000000      0x19d /usr/local/CrossPack-AVR-20130212/lib/gcc/avr/4.6.2/../../../../avr/lib/avr5/crtm328p.o

.stab.excl
 *(.stab.excl)

.stab.exclstr
 *(.stab.exclstr)

.stab.index
 *(.stab.index)

.stab.indexstr
 *(.stab.indexstr)

.comment
 *(.comment)

.debug
 *(.debug)

.line
 *(.line)

.debug_srcinfo
 *(.debug_srcinfo)

.debug_sfnames
 *(.debug_sfnames)

.debug_aranges  0x00000000      0x1a0
 *(.debug_aranges)
 .debug_aranges
                0x00000000       0x20 freq_counter.o
 .debug_aranges
                0x00000020       0x20 lcd.o
 .debug_aranges
                0x00000040       0x20 /usr/local/CrossPack-AVR-20130212/lib/gcc/avr/4.6.2/avr5/libgcc.a(_mulsi3.o)
 .debug_aranges
                0x00000060       0x20 /usr/local/CrossPack-AVR-20130212/lib/gcc/avr/4.6.2/avr5/libgcc.a(_udivmodhi4.o)
 .debug_aranges
                0x00000080       0x20 /usr/local/CrossPack-AVR-20130212/lib/gcc/avr/4.6.2/avr5/libgcc.a(_udivmodsi4.o)
 .debug_aranges
                0x000000a0       0x20 /usr/local/CrossPack-AVR-20130212/lib/gcc/avr/4.6.2/avr5/libgcc.a(_exit.o)
 .debug_aranges
                0x000000c0       0x20 /usr/local/CrossPack-AVR-20130212/lib/gcc/avr/4.6.2/avr5/libgcc.a(_copy_data.o)
 .debug_aranges
                0x000000e0       0x20 /usr/local/CrossPack-AVR-20130212/lib/gcc/avr/4.6.2/avr5/libgcc.a(_clear_bss.o)
 .debug_aranges
                0x00000100       0x20 /usr/local/CrossPack-AVR-20130212/lib/gcc/avr/4.6.2/../../../../avr/lib/avr5/libc.a(sprintf.o)
 .debug_aranges
                0x00000120       0x20 /usr/local/CrossPack-AVR-20130212/lib/gcc/avr/4.6.2/../../../../avr/lib/avr5/libc.a(vfprintf_std.o)
 .debug_aranges
                0x00000140       0x20 /usr/local/CrossPack-AVR-20130212/lib/gcc/avr/4.6.2/../../../../avr/lib/avr5/libc.a(fputc.o)
 .debug_aranges
                0x00000160       0x20 /usr/local/CrossPack-AVR-20130212/lib/gcc/avr/4.6.2/avr5/libgcc.a(_prologue.o)
 .debug_aranges
                0x00000180       0x20 /usr/local/CrossPack-AVR-20130212/lib/gcc/avr/4.6.2/avr5/libgcc.a(_epilogue.o)

.debug_pubnames
 *(.debug_pubnames)

.debug_info     0x00000000     0x1423
 *(.debug_info)
 .debug_info    0x00000000      0x181 freq_counter.o
 .debug_info    0x00000181      0x636 lcd.o
 .debug_info    0x000007b7       0xc0 /usr/local/CrossPack-AVR-20130212/lib/gcc/avr/4.6.2/avr5/libgcc.a(_mulsi3.o)
 .debug_info    0x00000877       0xc0 /usr/local/CrossPack-AVR-20130212/lib/gcc/avr/4.6.2/avr5/libgcc.a(_udivmodhi4.o)
 .debug_info    0x00000937       0xc0 /usr/local/CrossPack-AVR-20130212/lib/gcc/avr/4.6.2/avr5/libgcc.a(_udivmodsi4.o)
 .debug_info    0x000009f7       0xc0 /usr/local/CrossPack-AVR-20130212/lib/gcc/avr/4.6.2/avr5/libgcc.a(_exit.o)
 .debug_info    0x00000ab7       0xc0 /usr/local/CrossPack-AVR-20130212/lib/gcc/avr/4.6.2/avr5/libgcc.a(_copy_data.o)
 .debug_info    0x00000b77       0xc0 /usr/local/CrossPack-AVR-20130212/lib/gcc/avr/4.6.2/avr5/libgcc.a(_clear_bss.o)
 .debug_info    0x00000c37      0x1bb /usr/local/CrossPack-AVR-20130212/lib/gcc/avr/4.6.2/../../../../avr/lib/avr5/libc.a(sprintf.o)
 .debug_info    0x00000df2      0x346 /usr/local/CrossPack-AVR-20130212/lib/gcc/avr/4.6.2/../../../../avr/lib/avr5/libc.a(vfprintf_std.o)
 .debug_info    0x00001138      0x16b /usr/local/CrossPack-AVR-20130212/lib/gcc/avr/4.6.2/../../../../avr/lib/avr5/libc.a(fputc.o)
 .debug_info    0x000012a3       0xc0 /usr/local/CrossPack-AVR-20130212/lib/gcc/avr/4.6.2/avr5/libgcc.a(_prologue.o)
 .debug_info    0x00001363       0xc0 /usr/local/CrossPack-AVR-20130212/lib/gcc/avr/4.6.2/avr5/libgcc.a(_epilogue.o)
 *(.gnu.linkonce.wi.*)

.debug_abbrev   0x00000000      0x737
 *(.debug_abbrev)
 .debug_abbrev  0x00000000       0xd4 freq_counter.o
 .debug_abbrev  0x000000d4      0x286 lcd.o
 .debug_abbrev  0x0000035a       0x14 /usr/local/CrossPack-AVR-20130212/lib/gcc/avr/4.6.2/avr5/libgcc.a(_mulsi3.o)
 .debug_abbrev  0x0000036e       0x14 /usr/local/CrossPack-AVR-20130212/lib/gcc/avr/4.6.2/avr5/libgcc.a(_udivmodhi4.o)
 .debug_abbrev  0x00000382       0x14 /usr/local/CrossPack-AVR-20130212/lib/gcc/avr/4.6.2/avr5/libgcc.a(_udivmodsi4.o)
 .debug_abbrev  0x00000396       0x14 /usr/local/CrossPack-AVR-20130212/lib/gcc/avr/4.6.2/avr5/libgcc.a(_exit.o)
 .debug_abbrev  0x000003aa       0x14 /usr/local/CrossPack-AVR-20130212/lib/gcc/avr/4.6.2/avr5/libgcc.a(_copy_data.o)
 .debug_abbrev  0x000003be       0x14 /usr/local/CrossPack-AVR-20130212/lib/gcc/avr/4.6.2/avr5/libgcc.a(_clear_bss.o)
 .debug_abbrev  0x000003d2       0xff /usr/local/CrossPack-AVR-20130212/lib/gcc/avr/4.6.2/../../../../avr/lib/avr5/libc.a(sprintf.o)
 .debug_abbrev  0x000004d1      0x163 /usr/local/CrossPack-AVR-20130212/lib/gcc/avr/4.6.2/../../../../avr/lib/avr5/libc.a(vfprintf_std.o)
 .debug_abbrev  0x00000634       0xdb /usr/local/CrossPack-AVR-20130212/lib/gcc/avr/4.6.2/../../../../avr/lib/avr5/libc.a(fputc.o)
 .debug_abbrev  0x0000070f       0x14 /usr/local/CrossPack-AVR-20130212/lib/gcc/avr/4.6.2/avr5/libgcc.a(_prologue.o)
 .debug_abbrev  0x00000723       0x14 /usr/local/CrossPack-AVR-20130212/lib/gcc/avr/4.6.2/avr5/libgcc.a(_epilogue.o)

.debug_line     0x00000000      0x9ec
 *(.debug_line)
 .debug_line    0x00000000       0xec freq_counter.o
 .debug_line    0x000000ec      0x22f lcd.o
 .debug_line    0x0000031b       0x79 /usr/local/CrossPack-AVR-20130212/lib/gcc/avr/4.6.2/avr5/libgcc.a(_mulsi3.o)
 .debug_line    0x00000394       0x6e /usr/local/CrossPack-AVR-20130212/lib/gcc/avr/4.6.2/avr5/libgcc.a(_udivmodhi4.o)
 .debug_line    0x00000402       0x7c /usr/local/CrossPack-AVR-20130212/lib/gcc/avr/4.6.2/avr5/libgcc.a(_udivmodsi4.o)
 .debug_line    0x0000047e       0x5c /usr/local/CrossPack-AVR-20130212/lib/gcc/avr/4.6.2/avr5/libgcc.a(_exit.o)
 .debug_line    0x000004da       0x65 /usr/local/CrossPack-AVR-20130212/lib/gcc/avr/4.6.2/avr5/libgcc.a(_copy_data.o)
 .debug_line    0x0000053f       0x62 /usr/local/CrossPack-AVR-20130212/lib/gcc/avr/4.6.2/avr5/libgcc.a(_clear_bss.o)
 .debug_line    0x000005a1       0xd7 /usr/local/CrossPack-AVR-20130212/lib/gcc/avr/4.6.2/../../../../avr/lib/avr5/libc.a(sprintf.o)
 .debug_line    0x00000678      0x210 /usr/local/CrossPack-AVR-20130212/lib/gcc/avr/4.6.2/../../../../avr/lib/avr5/libc.a(vfprintf_std.o)
 .debug_line    0x00000888       0x79 /usr/local/CrossPack-AVR-20130212/lib/gcc/avr/4.6.2/../../../../avr/lib/avr5/libc.a(fputc.o)
 .debug_line    0x00000901       0x76 /usr/local/CrossPack-AVR-20130212/lib/gcc/avr/4.6.2/avr5/libgcc.a(_prologue.o)
 .debug_line    0x00000977       0x75 /usr/local/CrossPack-AVR-20130212/lib/gcc/avr/4.6.2/avr5/libgcc.a(_epilogue.o)

.debug_frame    0x00000000      0x238
 *(.debug_frame)
 .debug_frame   0x00000000       0x50 freq_counter.o
 .debug_frame   0x00000050      0x134 lcd.o
 .debug_frame   0x00000184       0x30 /usr/local/CrossPack-AVR-20130212/lib/gcc/avr/4.6.2/../../../../avr/lib/avr5/libc.a(sprintf.o)
 .debug_frame   0x000001b4       0x4c /usr/local/CrossPack-AVR-20130212/lib/gcc/avr/4.6.2/../../../../avr/lib/avr5/libc.a(vfprintf_std.o)
 .debug_frame   0x00000200       0x38 /usr/local/CrossPack-AVR-20130212/lib/gcc/avr/4.6.2/../../../../avr/lib/avr5/libc.a(fputc.o)

.debug_str      0x00000000      0x35a
 *(.debug_str)
 .debug_str     0x00000000       0xe9 freq_counter.o
                                0x122 (size before relaxing)
 .debug_str     0x000000e9      0x126 lcd.o
                                0x1df (size before relaxing)
 .debug_str     0x0000020f       0xb9 /usr/local/CrossPack-AVR-20130212/lib/gcc/avr/4.6.2/../../../../avr/lib/avr5/libc.a(sprintf.o)
                                0x149 (size before relaxing)
 .debug_str     0x000002c8       0x70 /usr/local/CrossPack-AVR-20130212/lib/gcc/avr/4.6.2/../../../../avr/lib/avr5/libc.a(vfprintf_std.o)
                                0x193 (size before relaxing)
 .debug_str     0x00000338       0x22 /usr/local/CrossPack-AVR-20130212/lib/gcc/avr/4.6.2/../../../../avr/lib/avr5/libc.a(fputc.o)
                                0x123 (size before relaxing)

.debug_loc      0x00000000      0xa78
 *(.debug_loc)
 .debug_loc     0x00000000       0xdc freq_counter.o
 .debug_loc     0x000000dc      0x3e7 lcd.o
 .debug_loc     0x000004c3       0x21 /usr/local/CrossPack-AVR-20130212/lib/gcc/avr/4.6.2/../../../../avr/lib/avr5/libc.a(sprintf.o)
 .debug_loc     0x000004e4      0x4fb /usr/local/CrossPack-AVR-20130212/lib/gcc/avr/4.6.2/../../../../avr/lib/avr5/libc.a(vfprintf_std.o)
 .debug_loc     0x000009df       0x99 /usr/local/CrossPack-AVR-20130212/lib/gcc/avr/4.6.2/../../../../avr/lib/avr5/libc.a(fputc.o)

.debug_macinfo
 *(.debug_macinfo)
OUTPUT(freq_counter.elf elf32-avr)
LOAD linker stubs

.debug_ranges   0x00000000       0x58
 .debug_ranges  0x00000000       0x28 freq_counter.o
 .debug_ranges  0x00000028       0x10 /usr/local/CrossPack-AVR-20130212/lib/gcc/avr/4.6.2/../../../../avr/lib/avr5/libc.a(sprintf.o)
 .debug_ranges  0x00000038       0x10 /usr/local/CrossPack-AVR-20130212/lib/gcc/avr/4.6.2/../../../../avr/lib/avr5/libc.a(vfprintf_std.o)
 .debug_ranges  0x00000048       0x10 /usr/local/CrossPack-AVR-20130212/lib/gcc/avr/4.6.2/../../../../avr/lib/avr5/libc.a(fputc.o)

Cross Reference Table

Symbol                                            File
__bad_interrupt                                   /usr/local/CrossPack-AVR-20130212/lib/gcc/avr/4.6.2/../../../../avr/lib/avr5/crtm328p.o
__bss_end                                         /usr/local/CrossPack-AVR-20130212/lib/gcc/avr/4.6.2/avr5/libgcc.a(_clear_bss.o)
__bss_start                                       /usr/local/CrossPack-AVR-20130212/lib/gcc/avr/4.6.2/avr5/libgcc.a(_clear_bss.o)
__data_end                                        /usr/local/CrossPack-AVR-20130212/lib/gcc/avr/4.6.2/avr5/libgcc.a(_copy_data.o)
__data_load_start                                 /usr/local/CrossPack-AVR-20130212/lib/gcc/avr/4.6.2/avr5/libgcc.a(_copy_data.o)
__data_start                                      /usr/local/CrossPack-AVR-20130212/lib/gcc/avr/4.6.2/avr5/libgcc.a(_copy_data.o)
__do_clear_bss                                    /usr/local/CrossPack-AVR-20130212/lib/gcc/avr/4.6.2/avr5/libgcc.a(_clear_bss.o)
                                                  /usr/local/CrossPack-AVR-20130212/lib/gcc/avr/4.6.2/../../../../avr/lib/avr5/libc.a(fputc.o)
                                                  /usr/local/CrossPack-AVR-20130212/lib/gcc/avr/4.6.2/../../../../avr/lib/avr5/libc.a(vfprintf_std.o)
                                                  /usr/local/CrossPack-AVR-20130212/lib/gcc/avr/4.6.2/../../../../avr/lib/avr5/libc.a(sprintf.o)
                                                  lcd.o
                                                  freq_counter.o
__do_copy_data                                    /usr/local/CrossPack-AVR-20130212/lib/gcc/avr/4.6.2/avr5/libgcc.a(_copy_data.o)
                                                  /usr/local/CrossPack-AVR-20130212/lib/gcc/avr/4.6.2/../../../../avr/lib/avr5/libc.a(fputc.o)
                                                  /usr/local/CrossPack-AVR-20130212/lib/gcc/avr/4.6.2/../../../../avr/lib/avr5/libc.a(vfprintf_std.o)
                                                  /usr/local/CrossPack-AVR-20130212/lib/gcc/avr/4.6.2/../../../../avr/lib/avr5/libc.a(sprintf.o)
                                                  lcd.o
                                                  freq_counter.o
__epilogue_restores__                             /usr/local/CrossPack-AVR-20130212/lib/gcc/avr/4.6.2/avr5/libgcc.a(_epilogue.o)
                                                  /usr/local/CrossPack-AVR-20130212/lib/gcc/avr/4.6.2/../../../../avr/lib/avr5/libc.a(vfprintf_std.o)
                                                  /usr/local/CrossPack-AVR-20130212/lib/gcc/avr/4.6.2/../../../../avr/lib/avr5/libc.a(sprintf.o)
__heap_end                                        /usr/local/CrossPack-AVR-20130212/lib/gcc/avr/4.6.2/../../../../avr/lib/avr5/crtm328p.o
__init                                            /usr/local/CrossPack-AVR-20130212/lib/gcc/avr/4.6.2/../../../../avr/lib/avr5/crtm328p.o
__mulsi3                                          /usr/local/CrossPack-AVR-20130212/lib/gcc/avr/4.6.2/avr5/libgcc.a(_mulsi3.o)
                                                  freq_counter.o
__prologue_saves__                                /usr/local/CrossPack-AVR-20130212/lib/gcc/avr/4.6.2/avr5/libgcc.a(_prologue.o)
                                                  /usr/local/CrossPack-AVR-20130212/lib/gcc/avr/4.6.2/../../../../avr/lib/avr5/libc.a(vfprintf_std.o)
                                                  /usr/local/CrossPack-AVR-20130212/lib/gcc/avr/4.6.2/../../../../avr/lib/avr5/libc.a(sprintf.o)
__stack                                           /usr/local/CrossPack-AVR-20130212/lib/gcc/avr/4.6.2/../../../../avr/lib/avr5/crtm328p.o
__udivmodhi4                                      /usr/local/CrossPack-AVR-20130212/lib/gcc/avr/4.6.2/avr5/libgcc.a(_udivmodhi4.o)
                                                  freq_counter.o
__udivmodsi4                                      /usr/local/CrossPack-AVR-20130212/lib/gcc/avr/4.6.2/avr5/libgcc.a(_udivmodsi4.o)
                                                  freq_counter.o
__ultoa_invert                                    /usr/local/CrossPack-AVR-20130212/lib/gcc/avr/4.6.2/../../../../avr/lib/avr5/libc.a(ultoa_invert.o)
                                                  /usr/local/CrossPack-AVR-20130212/lib/gcc/avr/4.6.2/../../../../avr/lib/avr5/libc.a(vfprintf_std.o)
__vector_1                                        /usr/local/CrossPack-AVR-20130212/lib/gcc/avr/4.6.2/../../../../avr/lib/avr5/crtm328p.o
__vector_10                                       /usr/local/CrossPack-AVR-20130212/lib/gcc/avr/4.6.2/../../../../avr/lib/avr5/crtm328p.o
__vector_11                                       /usr/local/CrossPack-AVR-20130212/lib/gcc/avr/4.6.2/../../../../avr/lib/avr5/crtm328p.o
__vector_12                                       /usr/local/CrossPack-AVR-20130212/lib/gcc/avr/4.6.2/../../../../avr/lib/avr5/crtm328p.o
__vector_13                                       /usr/local/CrossPack-AVR-20130212/lib/gcc/avr/4.6.2/../../../../avr/lib/avr5/crtm328p.o
__vector_14                                       /usr/local/CrossPack-AVR-20130212/lib/gcc/avr/4.6.2/../../../../avr/lib/avr5/crtm328p.o
__vector_15                                       /usr/local/CrossPack-AVR-20130212/lib/gcc/avr/4.6.2/../../../../avr/lib/avr5/crtm328p.o
__vector_16                                       /usr/local/CrossPack-AVR-20130212/lib/gcc/avr/4.6.2/../../../../avr/lib/avr5/crtm328p.o
__vector_17                                       /usr/local/CrossPack-AVR-20130212/lib/gcc/avr/4.6.2/../../../../avr/lib/avr5/crtm328p.o
__vector_18                                       /usr/local/CrossPack-AVR-20130212/lib/gcc/avr/4.6.2/../../../../avr/lib/avr5/crtm328p.o
__vector_19                                       /usr/local/CrossPack-AVR-20130212/lib/gcc/avr/4.6.2/../../../../avr/lib/avr5/crtm328p.o
__vector_2                                        /usr/local/CrossPack-AVR-20130212/lib/gcc/avr/4.6.2/../../../../avr/lib/avr5/crtm328p.o
__vector_20                                       /usr/local/CrossPack-AVR-20130212/lib/gcc/avr/4.6.2/../../../../avr/lib/avr5/crtm328p.o
__vector_21                                       /usr/local/CrossPack-AVR-20130212/lib/gcc/avr/4.6.2/../../../../avr/lib/avr5/crtm328p.o
__vector_22                                       /usr/local/CrossPack-AVR-20130212/lib/gcc/avr/4.6.2/../../../../avr/lib/avr5/crtm328p.o
__vector_23                                       /usr/local/CrossPack-AVR-20130212/lib/gcc/avr/4.6.2/../../../../avr/lib/avr5/crtm328p.o
__vector_24                                       /usr/local/CrossPack-AVR-20130212/lib/gcc/avr/4.6.2/../../../../avr/lib/avr5/crtm328p.o
__vector_25                                       /usr/local/CrossPack-AVR-20130212/lib/gcc/avr/4.6.2/../../../../avr/lib/avr5/crtm328p.o
__vector_3                                        /usr/local/CrossPack-AVR-20130212/lib/gcc/avr/4.6.2/../../../../avr/lib/avr5/crtm328p.o
__vector_4                                        /usr/local/CrossPack-AVR-20130212/lib/gcc/avr/4.6.2/../../../../avr/lib/avr5/crtm328p.o
__vector_5                                        /usr/local/CrossPack-AVR-20130212/lib/gcc/avr/4.6.2/../../../../avr/lib/avr5/crtm328p.o
__vector_6                                        /usr/local/CrossPack-AVR-20130212/lib/gcc/avr/4.6.2/../../../../avr/lib/avr5/crtm328p.o
__vector_7                                        /usr/local/CrossPack-AVR-20130212/lib/gcc/avr/4.6.2/../../../../avr/lib/avr5/crtm328p.o
__vector_8                                        /usr/local/CrossPack-AVR-20130212/lib/gcc/avr/4.6.2/../../../../avr/lib/avr5/crtm328p.o
__vector_9                                        /usr/local/CrossPack-AVR-20130212/lib/gcc/avr/4.6.2/../../../../avr/lib/avr5/crtm328p.o
__vector_default                                  /usr/local/CrossPack-AVR-20130212/lib/gcc/avr/4.6.2/../../../../avr/lib/avr5/crtm328p.o
__vectors                                         /usr/local/CrossPack-AVR-20130212/lib/gcc/avr/4.6.2/../../../../avr/lib/avr5/crtm328p.o
_exit                                             /usr/local/CrossPack-AVR-20130212/lib/gcc/avr/4.6.2/avr5/libgcc.a(_exit.o)
exit                                              /usr/local/CrossPack-AVR-20130212/lib/gcc/avr/4.6.2/avr5/libgcc.a(_exit.o)
                                                  /usr/local/CrossPack-AVR-20130212/lib/gcc/avr/4.6.2/../../../../avr/lib/avr5/crtm328p.o
fputc                                             /usr/local/CrossPack-AVR-20130212/lib/gcc/avr/4.6.2/../../../../avr/lib/avr5/libc.a(fputc.o)
                                                  /usr/local/CrossPack-AVR-20130212/lib/gcc/avr/4.6.2/../../../../avr/lib/avr5/libc.a(vfprintf_std.o)
lcd_clrscr                                        lcd.o
                                                  freq_counter.o
lcd_command                                       lcd.o
lcd_data                                          lcd.o
lcd_getxy                                         lcd.o
lcd_gotoxy                                        lcd.o
lcd_home                                          lcd.o
lcd_init                                          lcd.o
                                                  freq_counter.o
lcd_putc                                          lcd.o
lcd_puts                                          lcd.o
                                                  freq_counter.o
lcd_puts_p                                        lcd.o
main                                              freq_counter.o
                                                  /usr/local/CrossPack-AVR-20130212/lib/gcc/avr/4.6.2/../../../../avr/lib/avr5/crtm328p.o
sprintf                                           /usr/local/CrossPack-AVR-20130212/lib/gcc/avr/4.6.2/../../../../avr/lib/avr5/libc.a(sprintf.o)
                                                  freq_counter.o
strnlen                                           /usr/local/CrossPack-AVR-20130212/lib/gcc/avr/4.6.2/../../../../avr/lib/avr5/libc.a(strnlen.o)
                                                  /usr/local/CrossPack-AVR-20130212/lib/gcc/avr/4.6.2/../../../../avr/lib/avr5/libc.a(vfprintf_std.o)
strnlen_P                                         /usr/local/CrossPack-AVR-20130212/lib/gcc/avr/4.6.2/../../../../avr/lib/avr5/libc.a(strnlen_P.o)
                                                  /usr/local/CrossPack-AVR-20130212/lib/gcc/avr/4.6.2/../../../../avr/lib/avr5/libc.a(vfprintf_std.o)
vfprintf                                          /usr/local/CrossPack-AVR-20130212/lib/gcc/avr/4.6.2/../../../../avr/lib/avr5/libc.a(vfprintf_std.o)
                                                  /usr/local/CrossPack-AVR-20130212/lib/gcc/avr/4.6.2/../../../../avr/lib/avr5/libc.a(sprintf.o)
