Archive member included because of file (symbol)

/usr/local/CrossPack-AVR-20130212/lib/gcc/avr/4.6.2/avr5/libgcc.a(_exit.o)
                              /usr/local/CrossPack-AVR-20130212/lib/gcc/avr/4.6.2/../../../../avr/lib/avr5/crtm328p.o (exit)
/usr/local/CrossPack-AVR-20130212/lib/gcc/avr/4.6.2/avr5/libgcc.a(_copy_data.o)
                              test_lcd.o (__do_copy_data)
/usr/local/CrossPack-AVR-20130212/lib/gcc/avr/4.6.2/avr5/libgcc.a(_clear_bss.o)
                              test_lcd.o (__do_clear_bss)
/usr/local/CrossPack-AVR-20130212/lib/gcc/avr/4.6.2/../../../../avr/lib/avr5/libc.a(itoa.o)
                              test_lcd.o (itoa)
/usr/local/CrossPack-AVR-20130212/lib/gcc/avr/4.6.2/../../../../avr/lib/avr5/libc.a(strrev.o)
                              /usr/local/CrossPack-AVR-20130212/lib/gcc/avr/4.6.2/../../../../avr/lib/avr5/libc.a(itoa.o) (strrev)
/usr/local/CrossPack-AVR-20130212/lib/gcc/avr/4.6.2/avr5/libgcc.a(_udivmodhi4.o)
                              /usr/local/CrossPack-AVR-20130212/lib/gcc/avr/4.6.2/../../../../avr/lib/avr5/libc.a(itoa.o) (__udivmodhi4)

Memory Configuration

Name             Origin             Length             Attributes
text             0x00000000         0x00020000         xr
data             0x00800060         0x0000ffa0         rw !x
eeprom           0x00810000         0x00010000         rw !x
fuse             0x00820000         0x00000400         rw !x
lock             0x00830000         0x00000400         rw !x
signature        0x00840000         0x00000400         rw !x
*default*        0x00000000         0xffffffff

Linker script and memory map

Address of section .data set to 0x800100
LOAD /usr/local/CrossPack-AVR-20130212/lib/gcc/avr/4.6.2/../../../../avr/lib/avr5/crtm328p.o
LOAD /usr/local/CrossPack-AVR-20130212/lib/gcc/avr/4.6.2/../../../../avr/lib/avr5/libm.a
LOAD test_lcd.o
LOAD lcd.o
LOAD /usr/local/CrossPack-AVR-20130212/lib/gcc/avr/4.6.2/avr5/libgcc.a
LOAD /usr/local/CrossPack-AVR-20130212/lib/gcc/avr/4.6.2/../../../../avr/lib/avr5/libc.a
LOAD /usr/local/CrossPack-AVR-20130212/lib/gcc/avr/4.6.2/avr5/libgcc.a

.hash
 *(.hash)

.dynsym
 *(.dynsym)

.dynstr
 *(.dynstr)

.gnu.version
 *(.gnu.version)

.gnu.version_d
 *(.gnu.version_d)

.gnu.version_r
 *(.gnu.version_r)

.rel.init
 *(.rel.init)

.rela.init
 *(.rela.init)

.rel.text
 *(.rel.text)
 *(.rel.text.*)
 *(.rel.gnu.linkonce.t*)

.rela.text
 *(.rela.text)
 *(.rela.text.*)
 *(.rela.gnu.linkonce.t*)

.rel.fini
 *(.rel.fini)

.rela.fini
 *(.rela.fini)

.rel.rodata
 *(.rel.rodata)
 *(.rel.rodata.*)
 *(.rel.gnu.linkonce.r*)

.rela.rodata
 *(.rela.rodata)
 *(.rela.rodata.*)
 *(.rela.gnu.linkonce.r*)

.rel.data
 *(.rel.data)
 *(.rel.data.*)
 *(.rel.gnu.linkonce.d*)

.rela.data
 *(.rela.data)
 *(.rela.data.*)
 *(.rela.gnu.linkonce.d*)

.rel.ctors
 *(.rel.ctors)

.rela.ctors
 *(.rela.ctors)

.rel.dtors
 *(.rel.dtors)

.rela.dtors
 *(.rela.dtors)

.rel.got
 *(.rel.got)

.rela.got
 *(.rela.got)

.rel.bss
 *(.rel.bss)

.rela.bss
 *(.rela.bss)

.rel.plt
 *(.rel.plt)

.rela.plt
 *(.rela.plt)

.text           0x00000000      0x47e
 *(.vectors)
 .vectors       0x00000000       0x68 /usr/local/CrossPack-AVR-20130212/lib/gcc/avr/4.6.2/../../../../avr/lib/avr5/crtm328p.o
                0x00000000                __vectors
                0x00000000                __vector_default
 *(.vectors)
 *(.progmem.gcc*)
 *(.progmem*)
 .progmem.data  0x00000068       0x53 test_lcd.o
                0x000000bc                . = ALIGN (0x2)
 *fill*         0x000000bb        0x1 00
                0x000000bc                __trampolines_start = .
 *(.trampolines)
 .trampolines   0x000000bc        0x0 linker stubs
 *(.trampolines*)
                0x000000bc                __trampolines_end = .
 *(.jumptables)
 *(.jumptables*)
 *(.lowtext)
 *(.lowtext*)
                0x000000bc                __ctors_start = .
 *(.ctors)
                0x000000bc                __ctors_end = .
                0x000000bc                __dtors_start = .
 *(.dtors)
                0x000000bc                __dtors_end = .
 SORT(*)(.ctors)
 SORT(*)(.dtors)
 *(.init0)
 .init0         0x000000bc        0x0 /usr/local/CrossPack-AVR-20130212/lib/gcc/avr/4.6.2/../../../../avr/lib/avr5/crtm328p.o
                0x000000bc                __init
 *(.init0)
 *(.init1)
 *(.init1)
 *(.init2)
 .init2         0x000000bc        0xc /usr/local/CrossPack-AVR-20130212/lib/gcc/avr/4.6.2/../../../../avr/lib/avr5/crtm328p.o
 *(.init2)
 *(.init3)
 *(.init3)
 *(.init4)
 .init4         0x000000c8       0x16 /usr/local/CrossPack-AVR-20130212/lib/gcc/avr/4.6.2/avr5/libgcc.a(_copy_data.o)
                0x000000c8                __do_copy_data
 .init4         0x000000de       0x10 /usr/local/CrossPack-AVR-20130212/lib/gcc/avr/4.6.2/avr5/libgcc.a(_clear_bss.o)
                0x000000de                __do_clear_bss
 *(.init4)
 *(.init5)
 *(.init5)
 *(.init6)
 *(.init6)
 *(.init7)
 *(.init7)
 *(.init8)
 *(.init8)
 *(.init9)
 .init9         0x000000ee        0x8 /usr/local/CrossPack-AVR-20130212/lib/gcc/avr/4.6.2/../../../../avr/lib/avr5/crtm328p.o
 *(.init9)
 *(.text)
 .text          0x000000f6        0x4 /usr/local/CrossPack-AVR-20130212/lib/gcc/avr/4.6.2/../../../../avr/lib/avr5/crtm328p.o
                0x000000f6                __vector_20
                0x000000f6                __vector_1
                0x000000f6                __vector_24
                0x000000f6                __vector_12
                0x000000f6                __bad_interrupt
                0x000000f6                __vector_6
                0x000000f6                __vector_3
                0x000000f6                __vector_23
                0x000000f6                __vector_25
                0x000000f6                __vector_11
                0x000000f6                __vector_13
                0x000000f6                __vector_17
                0x000000f6                __vector_19
                0x000000f6                __vector_7
                0x000000f6                __vector_5
                0x000000f6                __vector_4
                0x000000f6                __vector_9
                0x000000f6                __vector_2
                0x000000f6                __vector_21
                0x000000f6                __vector_15
                0x000000f6                __vector_8
                0x000000f6                __vector_14
                0x000000f6                __vector_10
                0x000000f6                __vector_16
                0x000000f6                __vector_18
                0x000000f6                __vector_22
 .text          0x000000fa       0x1c test_lcd.o
                0x000000fa                wait_until_key_pressed
 .text          0x00000116      0x1f8 lcd.o
                0x000001be                lcd_command
                0x000001d2                lcd_data
                0x000001e6                lcd_gotoxy
                0x00000206                lcd_getxy
                0x0000020e                lcd_clrscr
                0x00000216                lcd_home
                0x0000021e                lcd_putc
                0x0000025e                lcd_puts
                0x00000276                lcd_puts_p
                0x00000292                lcd_init
 .text          0x0000030e        0x0 /usr/local/CrossPack-AVR-20130212/lib/gcc/avr/4.6.2/avr5/libgcc.a(_exit.o)
 .text          0x0000030e        0x0 /usr/local/CrossPack-AVR-20130212/lib/gcc/avr/4.6.2/avr5/libgcc.a(_copy_data.o)
 .text          0x0000030e        0x0 /usr/local/CrossPack-AVR-20130212/lib/gcc/avr/4.6.2/avr5/libgcc.a(_clear_bss.o)
 .text          0x0000030e        0x0 /usr/local/CrossPack-AVR-20130212/lib/gcc/avr/4.6.2/../../../../avr/lib/avr5/libc.a(itoa.o)
 .text          0x0000030e        0x0 /usr/local/CrossPack-AVR-20130212/lib/gcc/avr/4.6.2/../../../../avr/lib/avr5/libc.a(strrev.o)
 .text          0x0000030e        0x0 /usr/local/CrossPack-AVR-20130212/lib/gcc/avr/4.6.2/avr5/libgcc.a(_udivmodhi4.o)
                0x0000030e                . = ALIGN (0x2)
 *(.text.*)
 .text.startup  0x0000030e       0xe2 test_lcd.o
                0x0000030e                main
 .text.libgcc   0x000003f0        0x0 /usr/local/CrossPack-AVR-20130212/lib/gcc/avr/4.6.2/avr5/libgcc.a(_exit.o)
 .text.libgcc   0x000003f0        0x0 /usr/local/CrossPack-AVR-20130212/lib/gcc/avr/4.6.2/avr5/libgcc.a(_copy_data.o)
 .text.libgcc   0x000003f0        0x0 /usr/local/CrossPack-AVR-20130212/lib/gcc/avr/4.6.2/avr5/libgcc.a(_clear_bss.o)
 .text.avr-libc
                0x000003f0       0x42 /usr/local/CrossPack-AVR-20130212/lib/gcc/avr/4.6.2/../../../../avr/lib/avr5/libc.a(itoa.o)
                0x000003f0                itoa
 .text.avr-libc
                0x00000432       0x20 /usr/local/CrossPack-AVR-20130212/lib/gcc/avr/4.6.2/../../../../avr/lib/avr5/libc.a(strrev.o)
                0x00000432                strrev
 .text.libgcc   0x00000452       0x28 /usr/local/CrossPack-AVR-20130212/lib/gcc/avr/4.6.2/avr5/libgcc.a(_udivmodhi4.o)
                0x00000452                __udivmodhi4
                0x0000047a                . = ALIGN (0x2)
 *(.fini9)
 .fini9         0x0000047a        0x0 /usr/local/CrossPack-AVR-20130212/lib/gcc/avr/4.6.2/avr5/libgcc.a(_exit.o)
                0x0000047a                exit
                0x0000047a                _exit
 *(.fini9)
 *(.fini8)
 *(.fini8)
 *(.fini7)
 *(.fini7)
 *(.fini6)
 *(.fini6)
 *(.fini5)
 *(.fini5)
 *(.fini4)
 *(.fini4)
 *(.fini3)
 *(.fini3)
 *(.fini2)
 *(.fini2)
 *(.fini1)
 *(.fini1)
 *(.fini0)
 .fini0         0x0000047a        0x4 /usr/local/CrossPack-AVR-20130212/lib/gcc/avr/4.6.2/avr5/libgcc.a(_exit.o)
 *(.fini0)
                0x0000047e                _etext = .

.data           0x00800100       0x2a load address 0x0000047e
                0x00800100                PROVIDE (__data_start, .)
 *(.data)
 .data          0x00800100        0x0 /usr/local/CrossPack-AVR-20130212/lib/gcc/avr/4.6.2/../../../../avr/lib/avr5/crtm328p.o
 .data          0x00800100       0x2a test_lcd.o
 .data          0x0080012a        0x0 lcd.o
 .data          0x0080012a        0x0 /usr/local/CrossPack-AVR-20130212/lib/gcc/avr/4.6.2/avr5/libgcc.a(_exit.o)
 .data          0x0080012a        0x0 /usr/local/CrossPack-AVR-20130212/lib/gcc/avr/4.6.2/avr5/libgcc.a(_copy_data.o)
 .data          0x0080012a        0x0 /usr/local/CrossPack-AVR-20130212/lib/gcc/avr/4.6.2/avr5/libgcc.a(_clear_bss.o)
 .data          0x0080012a        0x0 /usr/local/CrossPack-AVR-20130212/lib/gcc/avr/4.6.2/../../../../avr/lib/avr5/libc.a(itoa.o)
 .data          0x0080012a        0x0 /usr/local/CrossPack-AVR-20130212/lib/gcc/avr/4.6.2/../../../../avr/lib/avr5/libc.a(strrev.o)
 .data          0x0080012a        0x0 /usr/local/CrossPack-AVR-20130212/lib/gcc/avr/4.6.2/avr5/libgcc.a(_udivmodhi4.o)
 *(.data*)
 *(.rodata)
 *(.rodata*)
 *(.gnu.linkonce.d*)
                0x0080012a                . = ALIGN (0x2)
                0x0080012a                _edata = .
                0x0080012a                PROVIDE (__data_end, .)

.bss            0x0080012a        0x0
                0x0080012a                PROVIDE (__bss_start, .)
 *(.bss)
 .bss           0x0080012a        0x0 /usr/local/CrossPack-AVR-20130212/lib/gcc/avr/4.6.2/../../../../avr/lib/avr5/crtm328p.o
 .bss           0x0080012a        0x0 test_lcd.o
 .bss           0x0080012a        0x0 lcd.o
 .bss           0x0080012a        0x0 /usr/local/CrossPack-AVR-20130212/lib/gcc/avr/4.6.2/avr5/libgcc.a(_exit.o)
 .bss           0x0080012a        0x0 /usr/local/CrossPack-AVR-20130212/lib/gcc/avr/4.6.2/avr5/libgcc.a(_copy_data.o)
 .bss           0x0080012a        0x0 /usr/local/CrossPack-AVR-20130212/lib/gcc/avr/4.6.2/avr5/libgcc.a(_clear_bss.o)
 .bss           0x0080012a        0x0 /usr/local/CrossPack-AVR-20130212/lib/gcc/avr/4.6.2/../../../../avr/lib/avr5/libc.a(itoa.o)
 .bss           0x0080012a        0x0 /usr/local/CrossPack-AVR-20130212/lib/gcc/avr/4.6.2/../../../../avr/lib/avr5/libc.a(strrev.o)
 .bss           0x0080012a        0x0 /usr/local/CrossPack-AVR-20130212/lib/gcc/avr/4.6.2/avr5/libgcc.a(_udivmodhi4.o)
 *(.bss*)
 *(COMMON)
                0x0080012a                PROVIDE (__bss_end, .)
                0x0000047e                __data_load_start = LOADADDR (.data)
                0x000004a8                __data_load_end = (__data_load_start + SIZEOF (.data))

.noinit         0x0080012a        0x0
                0x0080012a                PROVIDE (__noinit_start, .)
 *(.noinit*)
                0x0080012a                PROVIDE (__noinit_end, .)
                0x0080012a                _end = .
                0x0080012a                PROVIDE (__heap_start, .)

.eeprom         0x00810000        0x0
 *(.eeprom*)
                0x00810000                __eeprom_end = .

.fuse
 *(.fuse)
 *(.lfuse)
 *(.hfuse)
 *(.efuse)

.lock
 *(.lock*)

.signature
 *(.signature*)

.stab           0x00000000      0x954
 *(.stab)
 .stab          0x00000000      0x6cc /usr/local/CrossPack-AVR-20130212/lib/gcc/avr/4.6.2/../../../../avr/lib/avr5/crtm328p.o
 .stab          0x000006cc      0x1b0 /usr/local/CrossPack-AVR-20130212/lib/gcc/avr/4.6.2/../../../../avr/lib/avr5/libc.a(itoa.o)
                                0x1bc (size before relaxing)
 .stab          0x0000087c       0xd8 /usr/local/CrossPack-AVR-20130212/lib/gcc/avr/4.6.2/../../../../avr/lib/avr5/libc.a(strrev.o)
                                 0xe4 (size before relaxing)

.stabstr        0x00000000      0x13b
 *(.stabstr)
 .stabstr       0x00000000      0x13b /usr/local/CrossPack-AVR-20130212/lib/gcc/avr/4.6.2/../../../../avr/lib/avr5/crtm328p.o

.stab.excl
 *(.stab.excl)

.stab.exclstr
 *(.stab.exclstr)

.stab.index
 *(.stab.index)

.stab.indexstr
 *(.stab.indexstr)

.comment
 *(.comment)

.debug
 *(.debug)

.line
 *(.line)

.debug_srcinfo
 *(.debug_srcinfo)

.debug_sfnames
 *(.debug_sfnames)

.debug_aranges  0x00000000       0xc8
 *(.debug_aranges)
 .debug_aranges
                0x00000000       0x28 test_lcd.o
 .debug_aranges
                0x00000028       0x20 lcd.o
 .debug_aranges
                0x00000048       0x20 /usr/local/CrossPack-AVR-20130212/lib/gcc/avr/4.6.2/avr5/libgcc.a(_exit.o)
 .debug_aranges
                0x00000068       0x20 /usr/local/CrossPack-AVR-20130212/lib/gcc/avr/4.6.2/avr5/libgcc.a(_copy_data.o)
 .debug_aranges
                0x00000088       0x20 /usr/local/CrossPack-AVR-20130212/lib/gcc/avr/4.6.2/avr5/libgcc.a(_clear_bss.o)
 .debug_aranges
                0x000000a8       0x20 /usr/local/CrossPack-AVR-20130212/lib/gcc/avr/4.6.2/avr5/libgcc.a(_udivmodhi4.o)

.debug_pubnames
 *(.debug_pubnames)

.debug_info     0x00000000      0xb2c
 *(.debug_info)
 .debug_info    0x00000000      0x1f2 test_lcd.o
 .debug_info    0x000001f2      0x63a lcd.o
 .debug_info    0x0000082c       0xc0 /usr/local/CrossPack-AVR-20130212/lib/gcc/avr/4.6.2/avr5/libgcc.a(_exit.o)
 .debug_info    0x000008ec       0xc0 /usr/local/CrossPack-AVR-20130212/lib/gcc/avr/4.6.2/avr5/libgcc.a(_copy_data.o)
 .debug_info    0x000009ac       0xc0 /usr/local/CrossPack-AVR-20130212/lib/gcc/avr/4.6.2/avr5/libgcc.a(_clear_bss.o)
 .debug_info    0x00000a6c       0xc0 /usr/local/CrossPack-AVR-20130212/lib/gcc/avr/4.6.2/avr5/libgcc.a(_udivmodhi4.o)
 *(.gnu.linkonce.wi.*)

.debug_abbrev   0x00000000      0x420
 *(.debug_abbrev)
 .debug_abbrev  0x00000000      0x13b test_lcd.o
 .debug_abbrev  0x0000013b      0x295 lcd.o
 .debug_abbrev  0x000003d0       0x14 /usr/local/CrossPack-AVR-20130212/lib/gcc/avr/4.6.2/avr5/libgcc.a(_exit.o)
 .debug_abbrev  0x000003e4       0x14 /usr/local/CrossPack-AVR-20130212/lib/gcc/avr/4.6.2/avr5/libgcc.a(_copy_data.o)
 .debug_abbrev  0x000003f8       0x14 /usr/local/CrossPack-AVR-20130212/lib/gcc/avr/4.6.2/avr5/libgcc.a(_clear_bss.o)
 .debug_abbrev  0x0000040c       0x14 /usr/local/CrossPack-AVR-20130212/lib/gcc/avr/4.6.2/avr5/libgcc.a(_udivmodhi4.o)

.debug_line     0x00000000      0x4ba
 *(.debug_line)
 .debug_line    0x00000000      0x14b test_lcd.o
 .debug_line    0x0000014b      0x1de lcd.o
 .debug_line    0x00000329       0x5c /usr/local/CrossPack-AVR-20130212/lib/gcc/avr/4.6.2/avr5/libgcc.a(_exit.o)
 .debug_line    0x00000385       0x65 /usr/local/CrossPack-AVR-20130212/lib/gcc/avr/4.6.2/avr5/libgcc.a(_copy_data.o)
 .debug_line    0x000003ea       0x62 /usr/local/CrossPack-AVR-20130212/lib/gcc/avr/4.6.2/avr5/libgcc.a(_clear_bss.o)
 .debug_line    0x0000044c       0x6e /usr/local/CrossPack-AVR-20130212/lib/gcc/avr/4.6.2/avr5/libgcc.a(_udivmodhi4.o)

.debug_frame    0x00000000      0x188
 *(.debug_frame)
 .debug_frame   0x00000000       0x44 test_lcd.o
 .debug_frame   0x00000044      0x144 lcd.o

.debug_str      0x00000000      0x1f2
 *(.debug_str)
 .debug_str     0x00000000      0x11f test_lcd.o
                                0x158 (size before relaxing)
 .debug_str     0x0000011f       0xd3 lcd.o
                                0x1df (size before relaxing)

.debug_loc      0x00000000      0x506
 *(.debug_loc)
 .debug_loc     0x00000000       0xd1 test_lcd.o
 .debug_loc     0x000000d1      0x435 lcd.o

.debug_macinfo
 *(.debug_macinfo)
OUTPUT(test_lcd.elf elf32-avr)
LOAD linker stubs

.debug_ranges   0x00000000       0x18
 .debug_ranges  0x00000000       0x18 test_lcd.o

Cross Reference Table

Symbol                                            File
__bad_interrupt                                   /usr/local/CrossPack-AVR-20130212/lib/gcc/avr/4.6.2/../../../../avr/lib/avr5/crtm328p.o
__bss_end                                         /usr/local/CrossPack-AVR-20130212/lib/gcc/avr/4.6.2/avr5/libgcc.a(_clear_bss.o)
__bss_start                                       /usr/local/CrossPack-AVR-20130212/lib/gcc/avr/4.6.2/avr5/libgcc.a(_clear_bss.o)
__data_end                                        /usr/local/CrossPack-AVR-20130212/lib/gcc/avr/4.6.2/avr5/libgcc.a(_copy_data.o)
__data_load_start                                 /usr/local/CrossPack-AVR-20130212/lib/gcc/avr/4.6.2/avr5/libgcc.a(_copy_data.o)
__data_start                                      /usr/local/CrossPack-AVR-20130212/lib/gcc/avr/4.6.2/avr5/libgcc.a(_copy_data.o)
__do_clear_bss                                    /usr/local/CrossPack-AVR-20130212/lib/gcc/avr/4.6.2/avr5/libgcc.a(_clear_bss.o)
                                                  lcd.o
                                                  test_lcd.o
__do_copy_data                                    /usr/local/CrossPack-AVR-20130212/lib/gcc/avr/4.6.2/avr5/libgcc.a(_copy_data.o)
                                                  lcd.o
                                                  test_lcd.o
__heap_end                                        /usr/local/CrossPack-AVR-20130212/lib/gcc/avr/4.6.2/../../../../avr/lib/avr5/crtm328p.o
__init                                            /usr/local/CrossPack-AVR-20130212/lib/gcc/avr/4.6.2/../../../../avr/lib/avr5/crtm328p.o
__stack                                           /usr/local/CrossPack-AVR-20130212/lib/gcc/avr/4.6.2/../../../../avr/lib/avr5/crtm328p.o
__udivmodhi4                                      /usr/local/CrossPack-AVR-20130212/lib/gcc/avr/4.6.2/avr5/libgcc.a(_udivmodhi4.o)
                                                  /usr/local/CrossPack-AVR-20130212/lib/gcc/avr/4.6.2/../../../../avr/lib/avr5/libc.a(itoa.o)
__vector_1                                        /usr/local/CrossPack-AVR-20130212/lib/gcc/avr/4.6.2/../../../../avr/lib/avr5/crtm328p.o
__vector_10                                       /usr/local/CrossPack-AVR-20130212/lib/gcc/avr/4.6.2/../../../../avr/lib/avr5/crtm328p.o
__vector_11                                       /usr/local/CrossPack-AVR-20130212/lib/gcc/avr/4.6.2/../../../../avr/lib/avr5/crtm328p.o
__vector_12                                       /usr/local/CrossPack-AVR-20130212/lib/gcc/avr/4.6.2/../../../../avr/lib/avr5/crtm328p.o
__vector_13                                       /usr/local/CrossPack-AVR-20130212/lib/gcc/avr/4.6.2/../../../../avr/lib/avr5/crtm328p.o
__vector_14                                       /usr/local/CrossPack-AVR-20130212/lib/gcc/avr/4.6.2/../../../../avr/lib/avr5/crtm328p.o
__vector_15                                       /usr/local/CrossPack-AVR-20130212/lib/gcc/avr/4.6.2/../../../../avr/lib/avr5/crtm328p.o
__vector_16                                       /usr/local/CrossPack-AVR-20130212/lib/gcc/avr/4.6.2/../../../../avr/lib/avr5/crtm328p.o
__vector_17                                       /usr/local/CrossPack-AVR-20130212/lib/gcc/avr/4.6.2/../../../../avr/lib/avr5/crtm328p.o
__vector_18                                       /usr/local/CrossPack-AVR-20130212/lib/gcc/avr/4.6.2/../../../../avr/lib/avr5/crtm328p.o
__vector_19                                       /usr/local/CrossPack-AVR-20130212/lib/gcc/avr/4.6.2/../../../../avr/lib/avr5/crtm328p.o
__vector_2                                        /usr/local/CrossPack-AVR-20130212/lib/gcc/avr/4.6.2/../../../../avr/lib/avr5/crtm328p.o
__vector_20                                       /usr/local/CrossPack-AVR-20130212/lib/gcc/avr/4.6.2/../../../../avr/lib/avr5/crtm328p.o
__vector_21                                       /usr/local/CrossPack-AVR-20130212/lib/gcc/avr/4.6.2/../../../../avr/lib/avr5/crtm328p.o
__vector_22                                       /usr/local/CrossPack-AVR-20130212/lib/gcc/avr/4.6.2/../../../../avr/lib/avr5/crtm328p.o
__vector_23                                       /usr/local/CrossPack-AVR-20130212/lib/gcc/avr/4.6.2/../../../../avr/lib/avr5/crtm328p.o
__vector_24                                       /usr/local/CrossPack-AVR-20130212/lib/gcc/avr/4.6.2/../../../../avr/lib/avr5/crtm328p.o
__vector_25                                       /usr/local/CrossPack-AVR-20130212/lib/gcc/avr/4.6.2/../../../../avr/lib/avr5/crtm328p.o
__vector_3                                        /usr/local/CrossPack-AVR-20130212/lib/gcc/avr/4.6.2/../../../../avr/lib/avr5/crtm328p.o
__vector_4                                        /usr/local/CrossPack-AVR-20130212/lib/gcc/avr/4.6.2/../../../../avr/lib/avr5/crtm328p.o
__vector_5                                        /usr/local/CrossPack-AVR-20130212/lib/gcc/avr/4.6.2/../../../../avr/lib/avr5/crtm328p.o
__vector_6                                        /usr/local/CrossPack-AVR-20130212/lib/gcc/avr/4.6.2/../../../../avr/lib/avr5/crtm328p.o
__vector_7                                        /usr/local/CrossPack-AVR-20130212/lib/gcc/avr/4.6.2/../../../../avr/lib/avr5/crtm328p.o
__vector_8                                        /usr/local/CrossPack-AVR-20130212/lib/gcc/avr/4.6.2/../../../../avr/lib/avr5/crtm328p.o
__vector_9                                        /usr/local/CrossPack-AVR-20130212/lib/gcc/avr/4.6.2/../../../../avr/lib/avr5/crtm328p.o
__vector_default                                  /usr/local/CrossPack-AVR-20130212/lib/gcc/avr/4.6.2/../../../../avr/lib/avr5/crtm328p.o
__vectors                                         /usr/local/CrossPack-AVR-20130212/lib/gcc/avr/4.6.2/../../../../avr/lib/avr5/crtm328p.o
_exit                                             /usr/local/CrossPack-AVR-20130212/lib/gcc/avr/4.6.2/avr5/libgcc.a(_exit.o)
exit                                              /usr/local/CrossPack-AVR-20130212/lib/gcc/avr/4.6.2/avr5/libgcc.a(_exit.o)
                                                  /usr/local/CrossPack-AVR-20130212/lib/gcc/avr/4.6.2/../../../../avr/lib/avr5/crtm328p.o
itoa                                              /usr/local/CrossPack-AVR-20130212/lib/gcc/avr/4.6.2/../../../../avr/lib/avr5/libc.a(itoa.o)
                                                  test_lcd.o
lcd_clrscr                                        lcd.o
                                                  test_lcd.o
lcd_command                                       lcd.o
                                                  test_lcd.o
lcd_data                                          lcd.o
                                                  test_lcd.o
lcd_getxy                                         lcd.o
lcd_gotoxy                                        lcd.o
                                                  test_lcd.o
lcd_home                                          lcd.o
lcd_init                                          lcd.o
                                                  test_lcd.o
lcd_putc                                          lcd.o
                                                  test_lcd.o
lcd_puts                                          lcd.o
                                                  test_lcd.o
lcd_puts_p                                        lcd.o
                                                  test_lcd.o
main                                              test_lcd.o
                                                  /usr/local/CrossPack-AVR-20130212/lib/gcc/avr/4.6.2/../../../../avr/lib/avr5/crtm328p.o
strrev                                            /usr/local/CrossPack-AVR-20130212/lib/gcc/avr/4.6.2/../../../../avr/lib/avr5/libc.a(strrev.o)
                                                  /usr/local/CrossPack-AVR-20130212/lib/gcc/avr/4.6.2/../../../../avr/lib/avr5/libc.a(itoa.o)
wait_until_key_pressed                            test_lcd.o
